# serializer version: 1
# name: TestPrintIsolate.test_json_ok
  '''
  {"id":"0ab2555b-6021-4d2f-82e5-5676a29db1a5","name":{"type":"isolate","value":"O
  rganization"},"sequences":[{"id":"1cb9eea1-f2dc-48c6-b57d-d6ab52634c8a","accessi
  on":"SZ800875.1","definition":"Type social right call until 
  even.","sequence":"TCTCGAAGTGATGTWRAACSTATAATCTTACTAGCCANGATGGSTGCTCGGCCATGTACGG
  TTCGCTCAAGVCTACVGCGTCWCCTCBAGGGGGCCTAGCACCTTCCCCATACGGGGTGCAAAGTACTAACATGCTCATTA
  ARCACGAAAGAGGCAHGCACTCTCATDGTGTSGTTAGAGBCAGHGCTTACTAACTCTGRAATVGTAGGMTGGCVTGAAYA
  GCGTTTGCBGACAAAGGGTCGTCAATGCKCTGGACAAGATVTAATGAYTDYTTCACAAVTCCTAYDDAACHCGCTCTTAT
  VTCCSTTTTGGTTCCCTATACAACTGCGACGAWAGVGTACKTGAYATRGRGGGATAGCTADGCCGCTTTACTCATAATGT
  TCTACCCTGGTCCTTCRKTCAACGAGGTGGTGGCGGBCATACGAGGTCAGAHGCTYBAGGCGTKDTGTATAYBACTATTG
  AATACCGATCTCTGGGHCCGGCTTAGAGCDGHACCTCTCATCTTGGCCTAATCGGCVCGTGVTACCTATTTGCGGGCGCC
  CTCCSGGGGCTTGGCAGCCACGTTCACWGTGCAAGTAGCTCGACGGTCTCAGGTADGGARCTTGGACAHTYGCTCAAGTG
  TGGTATCAAACGAAGGDCTGAGATCTATGCCAGTCYNAGGTTCKTGGAYAACATACGRAAGATAAACGGGCTCDCTAMCT
  CCCATTAGTCGGGGTHAKGGAAGCTVACTATGGACAGAATGTAGGGTTTCTTGBCACTVGGGCGGTATCATCAGCTTTTG
  CCAYTTAHCYMDGKKGACCNGGGTSCTCHCAAGCRATGAACTATCCAAGCAGATGGTGCGGTGCSGGGNTAGGCCTGGCA
  GCATGAATGGDCCCCCGWTCTTCCCHACNGCTTSGCGKGTCGTGCTCATTAATGCTNTCGGTGCGCDGAADTATCWTGGA
  CNCCTWDACTCATTCGGGGATCTCRAGATRACTGNTCGCAGTCAVCKDTCTGGTTGTAACCBCCATTGTATCTCAGGCAT
  GCGGTCTAATACGCGTACGTAATCAAGVTCCATATGGAAGATTAAATMCTGTC","segment":"e7019832-f5b4-
  4b78-b528-9929bf0ec839"},{"id":"a6c103b2-ec30-4033-88c5-84567d1cf870","accession
  ":"SZ800876.1","definition":"Card light yet 
  decade.","sequence":"GCCCCTGCCACAATCTTCCTATCCCGGGATGAYAGAGGTGAGTTACTCGCAWKCTCGCG
  CTMTCACAGAAAACTTVYCGGTGTCTAGYTGTCNGATTTGTGCCACGACCTGHAGTGAGATDCGCCCGGATCCMGATAAA
  AGCGTADGWATCGYCTAGVRCTTGMBACCTGSGGGCCTGACTCCCHTABTTTCVGTCTCTATTAGTACGGCGTATTTCAA
  TAGCATGCCTACAGAGTGCACATTTCVTGTGTCAGACTGCCGTAGTGBCAGCTACARGGTKAGTAAAGTCCTCCKCGDGT
  TAGACCAAGCKRAGATTBCACCATGHGARCGAARTACVGTNGGCTRCMCYCTCTACGTGGGTNGCACARTTCCCCCGTCG
  AATAGAATCGNGCAACGTDCCCAASTATGTATCGTGHGATKGATTGATGGACCGTHAAACATAABTDGAMAVATCAGAGA
  CATCTTCAAGTMTCAAACCWTGTATGGWGCCCCGCGCCGGCCGCTTCACGTTGKGCTTCTGAGGTATCGGAAAVCAGBCT
  BGAGCCTTTCCGAASCCCTTAAVGGAGTCGATCGCTCCTCTATACCGGGVTTTACCAKHAAAGGAACTAAAATCTTAGTC
  CTTAACGAARAGGAGAATTCTGCAAGAWGATTTTATATCGCCGTTTGGYCAAGGCKMGTCTTCAAACGGACCAACTCAGT
  TCGYGGAACVGATBCGGGCCTAWATCDATGTTTASGAAATGATTCRCRCTGCCCTTAAGAAATATCGGACATCGCVATCA
  ATCAATGCNCGCCTAACGAATTGTTCWTCATMATCCCCGTTTCCGTTGDTGTGACCGYGCCACCGACAGGTGCTAGTATG
  BCDACATGACCVNATNTAYCTCTCCACBCGTAAHATCGCTGTGAGATTATGAAHCTYGACAGCGAMTGTGAACMCCACTG
  GCAADCTGACGAAAATTTACTGTCTGACTCCCTGWCCGTCCCTCATACTGRGTSTTCCTGGTATGCATRBCGGAACTGTT
  GATACGVGATCCGHSAADADACAATGGTATATC","segment":"aa2ec177-b438-4ece-8984-b1e43a4ad8
  10"},{"id":"52731bd6-bcfa-45af-ab31-957f469263d7","accession":"SZ800877.1","defi
  nition":"Clear population part hold 
  election.","sequence":"TGVTACATGGGTTCAAGGGTTMCGCTTCMTTDKAATTTGTAAGCAGTATGTTTGCAK
  TAAGCAWGTAACCGHCACCAGGTCWTNTGTAACGATGAGCATDACATTCCAYCAYGGWTACGTTCTHTDGVCTGAANCGA
  TGTVGACACACCTTGAATGGTCGCATATCGCGACTGAACGACGACTACGGTCTGACANTDGTGAAGMHGWTSCAATGAAT
  GAAGGTCGMCCTGTHAACCGTCATCATCATTCACGSCCTDGATGTATTACCTCGTSCCTCGCGATTAAAGTCGGCTGGCT
  ACTACTAGAGCTACTTGGTCTTTGABTCGCCTCTDGATAGDGGATGATTAGGGTVCTAGACGCCATAATCTTKTAGCGTA
  TCACAACACGHTGCGACYAAGTCCTTCTVTTCCAGCACCCGATATGCCGGACCCCATTTCMTCGGTAACTTAAWGTBSAC
  CAGTAACCCTGTWTTTGTRGAGCTAGCHCACWTTATAGCCTCTTTTGACATCTCATACTGDGGCGACACATTACGTCTGT
  GKATAAAAATCGCATGTCBAAGTTTTCACGTGACGGCTTCBSCTTTCGGCTGAGTTGCCACAAAACGCATCGCTTTTTCT
  TGCVTRGCAGTTTCGTRAGYCCCGTCCAAAGCTTGCATATCTCTCTCAAGGWAAAACGCGGGCGGCAGACCTATCMACTA
  CKGTSGCGGGATACGAMCTDAGASTGTCGCTGCGAGCCYTCCKCDAGACCTCACTGSTADDGKGCATTTAMGCATATAGT
  GCACCVSTCGGCACACGBGTCACGCCCGTTGCTCACGAGTNGAATGTCCSAGCCTTRTTCGTHTGTTACCTCCGAATATC
  WAATGTTGATCGCTYGAACTTTVGGAATCGTNGTTCGCMKTCGGGACACTGTTTATGAYCTAYCAGCCDGGTAGCCTCAA
  CGTTATGHTGTCGGGTAAMAGAGBCTKTCCSTATCAGGTCGGTCACGCRATVATTCCCCTCGASCGWGGTTTAAGATTTA
  GCGCACCCTGTTCAAGCTCAKGCCGGGAGGCAACCTCTCTTCCGGGTCTCGACA","segment":"cbfea737-c871
  -48c8-a200-6d5a316a0900"}]}
  
  '''
# ---
# name: TestPrintIsolate.test_ok
  '''
  Isolate Organization
  
   ACCESSION   LENGTH  SEGMENT  DEFINITION                           
   SZ800875.1  1074    DNA R    Type social right call until even.   
   SZ800876.1  1052    DNA M    Card light yet decade.               
   SZ800877.1  1071    DNA S    Clear population part hold election. 
  
  '''
# ---
# name: TestPrintOTU.test_as_json_ok
  '''
  {"id":"45735fee-5def-48f1-a343-4e38bfe607ff","acronym":"","excluded_accessions":
  ["JX263426"],"lineage":{"taxa":[{"id":3429802,"name":"Hostuviroid 
  latensdahliae","parent":null,"rank":"species","other_names":{"acronym":[],"synon
  yms":[]}}]},"molecule":{"strandedness":"single","topology":"linear","type":"RNA"
  },"name":"Hostuviroid 
  latensdahliae","plan":{"id":"947a5760-d19e-46b7-af3c-a929c12b8475","segments":[{
  "id":"b42056e0-c605-49cc-a9f2-2b302db6c695","length":342,"length_tolerance":0.03
  ,"name":null,"rule":"required"}]},"taxid":3429802,"isolates":[{"id":"ec26c9fb-fe
  5a-43d0-8c98-e333b5e300df","name":{"type":"isolate","value":"4706174"},"sequence
  s":[{"id":"1f78ffed-432a-4f7a-8f90-bdbacad4852a","accession":"NC_020160.1","defi
  nition":"Dahlia latent viroid, complete 
  sequence","sequence":"CAGGTCTTCTAAGGGTTCCTGTGGTGCCTCCCTCCAAGGCCGCGTAGGGAAAGAAAAA
  GTGAAAGAAAGTGTACCTGAAGAGAGAGAGACTCTCTGAGGAGCCCCGGGGCAACTCCGAGAGTGCTGCGGCAGGAGGAG
  CCGGGGGCGGAGGTTGTCTCGCTCTTGAGAGCTCCGCTCCTTGTAGCTTTGAGACTACCGCCCTTTTGCTTCCTTCTCGC
  TGGCTGACTCGAGGACGCGACCGGTGGTACACCAAGAGGTCTCCACCTCCTAGGGTACTTTTTTCTAACACCGATTCCGT
  ACCGAGCGCCGGAGAGTGAAGCGCCCAGGGCTCCAAAGAAGCCC","segment":"b42056e0-c605-49cc-a9f2
  -2b302db6c695"}]}]}
  
  '''
# ---
# name: TestPrintOTU.test_print_otu
  '''
  Hostuviroid latensdahliae
  
   ACRONYM                                       
   ID       45735fee-5def-48f1-a343-4e38bfe607ff 
   TAXID    3429802                              
  
  PLAN
  
   NAME     REQUIRED  LENGTH  TOLERANCE  ID                                   
   Unnamed  Yes       342     0.03       b42056e0-c605-49cc-a9f2-2b302db6c695 
  
  ISOLATES
  
  Isolate 4706174
  
   ACCESSION    LENGTH  SEGMENT  DEFINITION                              
   NC_020160.1  342     Unnamed  Dahlia latent viroid, complete sequence 
  
  '''
# ---
# name: TestPrintOTUList.test_ok
  '''
  [1mNAME                               ACRONYM  TAXID   ID                                  [0m
  Garlic associated ringspot virus   GARV     496185  cd613e30-d8f1-4adf-91b7-584a2265b1f5
  Prunus aphid-borne necrotic virus  PANV     637944  35bf992d-c9e9-4616-a12e-7696a6cecc1b
  Grapevine fruit drop virus         GFDV     946215  b2221a58-008a-45a6-8464-7159c324c985
  Apple leaf scorch virus            ALSV     443621  06839eb9-05b6-46e3-87d4-bedc51431193
  Prunus stem necrosis virus         PSNV     363493  38c0c8fd-8712-48bc-876f-3787b9d179e0
  
  '''
# ---
